
> school-erp-frontend@0.1.0 build
> next build

  Γû▓ Next.js 14.2.35
  - Environments: .env.local

   Creating an optimized production build ...
 Γ£ô Compiled successfully
   Linting and checking validity of types ...

./app/(dashboard)/attendance/student/components/ClassAccordionCard.tsx
61:9  Warning: The 'sectionStudents' logical expression could make the dependencies of useCallback Hook (at line 98) change on every render. To fix this, wrap the initialization of 'sectionStudents' in its own useMemo() Hook.  react-hooks/exhaustive-deps
63:9  Warning: The 'selectedIds' logical expression could make the dependencies of useCallback Hook (at line 94) change on every render. To fix this, wrap the initialization of 'selectedIds' in its own useMemo() Hook.  react-hooks/exhaustive-deps

./app/(dashboard)/attendance/student/components/MonthlyReport.tsx
171:9  Warning: The 'todayDate' object construction makes the dependencies of useMemo Hook (at line 209) change on every render. To fix this, wrap the initialization of 'todayDate' in its own useMemo() Hook.  react-hooks/exhaustive-deps

./app/(dashboard)/attendance/student/hooks/useAttendance.ts
257:6  Warning: React Hook useCallback has a missing dependency: 'refreshSummary'. Either include it or remove the dependency array.  react-hooks/exhaustive-deps

./app/(dashboard)/student-groups/StudentGroupPage.tsx
425:6  Warning: React Hook useEffect has a missing dependency: 'rGroups'. Either include it or remove the dependency array.  react-hooks/exhaustive-deps
441:6  Warning: React Hook useEffect has a missing dependency: 'apiFetch'. Either include it or remove the dependency array.  react-hooks/exhaustive-deps

./app/(dashboard)/students/promote/components/ClassAccordionCard.tsx
96:9  Warning: The 'sectionRecords' logical expression could make the dependencies of useMemo Hook (at line 99) change on every render. To fix this, wrap the initialization of 'sectionRecords' in its own useMemo() Hook.  react-hooks/exhaustive-deps

./app/(dashboard)/students/promote/components/PromoteSmartFilter.tsx
122:6  Warning: React Hook useMemo has unnecessary dependencies: 'onSearchChange' and 'onSearchSubmit'. Either exclude them or remove the dependency array.  react-hooks/exhaustive-deps

./app/(dashboard)/utilities/chat/page.tsx
158:6  Warning: React Hook useEffect has a missing dependency: 'searchInvitationUsers'. Either include it or remove the dependency array.  react-hooks/exhaustive-deps
171:6  Warning: React Hook useEffect has a missing dependency: 'searchBlockUsers'. Either include it or remove the dependency array.  react-hooks/exhaustive-deps

./app/(dashboard)/utilities/communication/page.tsx
320:6  Warning: React Hook useEffect has a missing dependency: 'loadInitialData'. Either include it or remove the dependency array.  react-hooks/exhaustive-deps

./components/academics/AcademicSetupPanels.tsx
315:6  Warning: React Hook useEffect has a missing dependency: 'load'. Either include it or remove the dependency array.  react-hooks/exhaustive-deps
918:6  Warning: React Hook useEffect has a missing dependency: 'load'. Either include it or remove the dependency array.  react-hooks/exhaustive-deps
1528:6  Warning: React Hook useEffect has a missing dependency: 'load'. Either include it or remove the dependency array.  react-hooks/exhaustive-deps
1532:6  Warning: React Hook useEffect has a missing dependency: 'load'. Either include it or remove the dependency array.  react-hooks/exhaustive-deps

./components/academics/LessonModulePanels.tsx
488:6  Warning: React Hook useEffect has a missing dependency: 'loadLessons'. Either include it or remove the dependency array.  react-hooks/exhaustive-deps
1252:6  Warning: React Hook useEffect has a missing dependency: 'loadWeekly'. Either include it or remove the dependency array.  react-hooks/exhaustive-deps

./components/access-control/RoleManagementPanel.tsx
76:6  Warning: React Hook useEffect has a missing dependency: 'loadRoles'. Either include it or remove the dependency array.  react-hooks/exhaustive-deps

./components/administration/AdminSetupPanel.tsx
293:6  Warning: React Hook useEffect has a missing dependency: 'loadAll'. Either include it or remove the dependency array.  react-hooks/exhaustive-deps

./components/administration/VisitorBookPanel.tsx
154:6  Warning: React Hook useEffect has a missing dependency: 'load'. Either include it or remove the dependency array.  react-hooks/exhaustive-deps

./components/admissions/AdmissionsPanel.tsx
406:6  Warning: React Hook useEffect has a missing dependency: 'loadAll'. Either include it or remove the dependency array.  react-hooks/exhaustive-deps

./components/aibot/StudentLookupResults.tsx
86:15  Warning: Using `<img>` could result in slower LCP and higher bandwidth. Consider using `<Image />` from `next/image` to automatically optimize images. This may incur additional usage or cost from your provider. See: https://nextjs.org/docs/messages/no-img-element  @next/next/no-img-element

./components/aibot/StudentProfilePopup.tsx
275:13  Warning: Using `<img>` could result in slower LCP and higher bandwidth. Consider using `<Image />` from `next/image` to automatically optimize images. This may incur additional usage or cost from your provider. See: https://nextjs.org/docs/messages/no-img-element  @next/next/no-img-element

./components/behaviour/BehaviourPanels.tsx
396:6  Warning: React Hook useEffect has a missing dependency: 'loadAssignments'. Either include it or remove the dependency array.  react-hooks/exhaustive-deps
400:6  Warning: React Hook useEffect has a missing dependency: 'loadStudentSummary'. Either include it or remove the dependency array.  react-hooks/exhaustive-deps

./components/competitions/ResultsEntryCards.jsx
271:94  Warning: React Hook useMemo has a missing dependency: 'PODIUM_POSITIONS'. Either include it or remove the dependency array.  react-hooks/exhaustive-deps
1112:9  Warning: The 'memberIds' object construction makes the dependencies of useMemo Hook (at line 1123) change on every render. Move it inside the useMemo callback. Alternatively, wrap the initialization of 'memberIds' in its own useMemo() Hook.  react-hooks/exhaustive-deps

./components/core/ClassPeriodsPanel.tsx
108:37  Warning: React Hook useEffect has a missing dependency: 'load'. Either include it or remove the dependency array.  react-hooks/exhaustive-deps

./components/exams/ExamSchedulePanel.tsx
328:6  Warning: React Hook useEffect has a missing dependency: 'loadStatic'. Either include it or remove the dependency array.  react-hooks/exhaustive-deps
332:6  Warning: React Hook useEffect has a missing dependency: 'loadSchedules'. Either include it or remove the dependency array.  react-hooks/exhaustive-deps

./components/exams/ExamSetupPanel.tsx
243:6  Warning: React Hook useEffect has a missing dependency: 'searchExisting'. Either include it or remove the dependency array.  react-hooks/exhaustive-deps

./components/exams/ExamTypePanel.tsx
121:6  Warning: React Hook useEffect has a missing dependency: 'load'. Either include it or remove the dependency array.  react-hooks/exhaustive-deps

./components/fees/FeesCarryForwardPanel.tsx
35:6  Warning: React Hook useEffect has missing dependencies: 'fromYear' and 'toYear'. Either include them or remove the dependency array.  react-hooks/exhaustive-deps

./components/fees/FeesGroupPanel.tsx
117:6  Warning: React Hook useEffect has a missing dependency: 'loadAcademicYears'. Either include it or remove the dependency array.  react-hooks/exhaustive-deps
124:6  Warning: React Hook useEffect has a missing dependency: 'loadFeesGroups'. Either include it or remove the dependency array.  react-hooks/exhaustive-deps

./components/fees/FeesGroupsPanel.tsx
36:6  Warning: React Hook useEffect has a missing dependency: 'load'. Either include it or remove the dependency array.  react-hooks/exhaustive-deps

./components/fees/FeesMasterPanel.tsx
49:6  Warning: React Hook useEffect has a missing dependency: 'load'. Either include it or remove the dependency array.  react-hooks/exhaustive-deps

./components/fees/FeesTypesPanel.tsx
40:6  Warning: React Hook useEffect has a missing dependency: 'load'. Either include it or remove the dependency array.  react-hooks/exhaustive-deps

./components/finance/FinancePanels.tsx
442:6  Warning: React Hook useEffect has a missing dependency: 'load'. Either include it or remove the dependency array.  react-hooks/exhaustive-deps

./components/hr/HrPanels.tsx
668:6  Warning: React Hook useEffect has a missing dependency: 'load'. Either include it or remove the dependency array.  react-hooks/exhaustive-deps
1025:6  Warning: React Hook useEffect has a missing dependency: 'load'. Either include it or remove the dependency array.  react-hooks/exhaustive-deps
1570:6  Warning: React Hook useEffect has a missing dependency: 'clearFieldError'. Either include it or remove the dependency array.  react-hooks/exhaustive-deps
2296:6  Warning: React Hook useEffect has a missing dependency: 'load'. Either include it or remove the dependency array.  react-hooks/exhaustive-deps
2325:6  Warning: React Hook useEffect has a missing dependency: 'joinDate'. Either include it or remove the dependency array. You can also do a functional update 'setJoinDate(j => ...)' if you only need 'joinDate' in the 'setJoinDate' call.  react-hooks/exhaustive-deps
2862:44  Warning: Using `<img>` could result in slower LCP and higher bandwidth. Consider using `<Image />` from `next/image` to automatically optimize images. This may incur additional usage or cost from your provider. See: https://nextjs.org/docs/messages/no-img-element  @next/next/no-img-element
3383:6  Warning: React Hook useEffect has a missing dependency: 'load'. Either include it or remove the dependency array.  react-hooks/exhaustive-deps
3849:6  Warning: React Hook useEffect has a missing dependency: 'load'. Either include it or remove the dependency array.  react-hooks/exhaustive-deps
4411:6  Warning: React Hook useEffect has a missing dependency: 'load'. Either include it or remove the dependency array.  react-hooks/exhaustive-deps
4989:6  Warning: React Hook useEffect has a missing dependency: 'load'. Either include it or remove the dependency array.  react-hooks/exhaustive-deps
5371:6  Warning: React Hook useEffect has a missing dependency: 'load'. Either include it or remove the dependency array.  react-hooks/exhaustive-deps
5378:6  Warning: React Hook useEffect has a missing dependency: 'load'. Either include it or remove the dependency array.  react-hooks/exhaustive-deps
6065:6  Warning: React Hook useEffect has a missing dependency: 'load'. Either include it or remove the dependency array.  react-hooks/exhaustive-deps
6256:6  Warning: React Hook useEffect has missing dependencies: 'buildPayrollSettingsPayload', 'buildPayrollSettingsSnapshot', and 'cloneComponentItems'. Either include them or remove the dependency array.  react-hooks/exhaustive-deps
7080:33  Warning: Using `<img>` could result in slower LCP and higher bandwidth. Consider using `<Image />` from `next/image` to automatically optimize images. This may incur additional usage or cost from your provider. See: https://nextjs.org/docs/messages/no-img-element  @next/next/no-img-element
7081:38  Warning: Using `<img>` could result in slower LCP and higher bandwidth. Consider using `<Image />` from `next/image` to automatically optimize images. This may incur additional usage or cost from your provider. See: https://nextjs.org/docs/messages/no-img-element  @next/next/no-img-element

./components/inventory/ItemCategoryPanel.tsx
102:6  Warning: React Hook useEffect has a missing dependency: 'loadItemCategories'. Either include it or remove the dependency array.  react-hooks/exhaustive-deps

./components/inventory/ItemCategoryPanelPaginated.tsx
115:6  Warning: React Hook useEffect has a missing dependency: 'loadData'. Either include it or remove the dependency array.  react-hooks/exhaustive-deps

./components/layout/SidebarSection.tsx
45:24  Warning: Using `<img>` could result in slower LCP and higher bandwidth. Consider using `<Image />` from `next/image` to automatically optimize images. This may incur additional usage or cost from your provider. See: https://nextjs.org/docs/messages/no-img-element  @next/next/no-img-element
63:24  Warning: Using `<img>` could result in slower LCP and higher bandwidth. Consider using `<Image />` from `next/image` to automatically optimize images. This may incur additional usage or cost from your provider. See: https://nextjs.org/docs/messages/no-img-element  @next/next/no-img-element

./components/settings/SchoolManagementPanel.tsx
115:6  Warning: React Hook useEffect has a missing dependency: 'load'. Either include it or remove the dependency array.  react-hooks/exhaustive-deps

./components/students/ConsentForm.tsx
1199:25  Warning: Using `<img>` could result in slower LCP and higher bandwidth. Consider using `<Image />` from `next/image` to automatically optimize images. This may incur additional usage or cost from your provider. See: https://nextjs.org/docs/messages/no-img-element  @next/next/no-img-element
1375:23  Warning: Using `<img>` could result in slower LCP and higher bandwidth. Consider using `<Image />` from `next/image` to automatically optimize images. This may incur additional usage or cost from your provider. See: https://nextjs.org/docs/messages/no-img-element  @next/next/no-img-element
1464:15  Warning: Using `<img>` could result in slower LCP and higher bandwidth. Consider using `<Image />` from `next/image` to automatically optimize images. This may incur additional usage or cost from your provider. See: https://nextjs.org/docs/messages/no-img-element  @next/next/no-img-element
1482:21  Warning: Using `<img>` could result in slower LCP and higher bandwidth. Consider using `<Image />` from `next/image` to automatically optimize images. This may incur additional usage or cost from your provider. See: https://nextjs.org/docs/messages/no-img-element  @next/next/no-img-element
1548:17  Warning: Using `<img>` could result in slower LCP and higher bandwidth. Consider using `<Image />` from `next/image` to automatically optimize images. This may incur additional usage or cost from your provider. See: https://nextjs.org/docs/messages/no-img-element  @next/next/no-img-element
1949:23  Warning: Using `<img>` could result in slower LCP and higher bandwidth. Consider using `<Image />` from `next/image` to automatically optimize images. This may incur additional usage or cost from your provider. See: https://nextjs.org/docs/messages/no-img-element  @next/next/no-img-element

./components/students/ScanFillModal.tsx
503:19  Warning: Using `<img>` could result in slower LCP and higher bandwidth. Consider using `<Image />` from `next/image` to automatically optimize images. This may incur additional usage or cost from your provider. See: https://nextjs.org/docs/messages/no-img-element  @next/next/no-img-element
539:17  Warning: Using `<img>` could result in slower LCP and higher bandwidth. Consider using `<Image />` from `next/image` to automatically optimize images. This may incur additional usage or cost from your provider. See: https://nextjs.org/docs/messages/no-img-element  @next/next/no-img-element

./components/students/StudentAddPanel.tsx
1629:6  Warning: React Hook useEffect has a missing dependency: 'restoreDraftSnapshot'. Either include it or remove the dependency array.  react-hooks/exhaustive-deps
1715:6  Warning: React Hook useEffect has missing dependencies: 'lookupAddressByPincode' and 'manualAddressMode'. Either include them or remove the dependency array.  react-hooks/exhaustive-deps
1972:6  Warning: React Hook useEffect has a missing dependency: 'CLASS_AGE_RULES'. Either include it or remove the dependency array.  react-hooks/exhaustive-deps
3798:28  Warning: Using `<img>` could result in slower LCP and higher bandwidth. Consider using `<Image />` from `next/image` to automatically optimize images. This may incur additional usage or cost from your provider. See: https://nextjs.org/docs/messages/no-img-element  @next/next/no-img-element
5022:13  Warning: Using `<img>` could result in slower LCP and higher bandwidth. Consider using `<Image />` from `next/image` to automatically optimize images. This may incur additional usage or cost from your provider. See: https://nextjs.org/docs/messages/no-img-element  @next/next/no-img-element
5040:17  Warning: Using `<img>` could result in slower LCP and higher bandwidth. Consider using `<Image />` from `next/image` to automatically optimize images. This may incur additional usage or cost from your provider. See: https://nextjs.org/docs/messages/no-img-element  @next/next/no-img-element
5298:19  Warning: Using `<img>` could result in slower LCP and higher bandwidth. Consider using `<Image />` from `next/image` to automatically optimize images. This may incur additional usage or cost from your provider. See: https://nextjs.org/docs/messages/no-img-element  @next/next/no-img-element

./components/students/StudentDeleteRecordPanel.tsx
309:6  Warning: React Hook useEffect has missing dependencies: 'loadAudits' and 'loadStudents'. Either include them or remove the dependency array.  react-hooks/exhaustive-deps

./components/students/StudentDocumentsUpload.tsx
353:17  Warning: Using `<img>` could result in slower LCP and higher bandwidth. Consider using `<Image />` from `next/image` to automatically optimize images. This may incur additional usage or cost from your provider. See: https://nextjs.org/docs/messages/no-img-element  @next/next/no-img-element

./components/students/StudentGuardiansStep.tsx
99:6  Warning: React Hook useEffect has a missing dependency: 'drafts'. Either include it or remove the dependency array. If 'setLocalErrors' needs the current value of 'drafts', you can also switch to useReducer instead of useState and read 'drafts' in the reducer.  react-hooks/exhaustive-deps

./components/students/StudentPromotePanel.tsx
756:15  Warning: The attribute aria-selected is not supported by the role button. This role is implicit on the element button.  jsx-a11y/role-supports-aria-props

info  - Need to disable some ESLint rules? Learn more here: https://nextjs.org/docs/basic-features/eslint#disabling-rules
   Collecting page data ...
   Generating static pages (0/174) ...
   Generating static pages (43/174) 
   Generating static pages (86/174) 
   Generating static pages (130/174) 
 Γ£ô Generating static pages (174/174)
   Finalizing page optimization ...
   Collecting build traces ...

Route (app)                                     Size     First Load JS
Γöî Γùï /                                           212 B          88.4 kB
Γö£ Γùï /_not-found                                 880 B          89.1 kB
Γö£ Γùï /academics/academic-year                    138 B            99 kB
Γö£ Γùï /academics/assign-class-teacher             179 B          99.5 kB
Γö£ Γùï /academics/assign-subject                   179 B          99.5 kB
Γö£ Γùï /academics/assignment-list                  1.95 kB        98.9 kB
Γö£ Γùï /academics/class                            139 B            99 kB
Γö£ Γùï /academics/class-room                       1.94 kB        98.9 kB
Γö£ Γùï /academics/class-routine                    1.95 kB        98.9 kB
Γö£ Γùï /academics/core-setup                       8.77 kB          97 kB
Γö£ Γùï /academics/homework-add                     1.95 kB        98.9 kB
Γö£ Γùï /academics/homework-evaluation-report       1.94 kB        98.9 kB
Γö£ Γùï /academics/homework-list                    1.95 kB        98.9 kB
Γö£ Γùï /academics/lesson-planner                   1.94 kB        98.9 kB
Γö£ Γùï /academics/lessons                          1.94 kB        98.9 kB
Γö£ Γùï /academics/other-downloads-list             1.94 kB        98.9 kB
Γö£ Γùï /academics/section                          139 B            99 kB
Γö£ Γùï /academics/study-material-list              1.94 kB        98.9 kB
Γö£ Γùï /academics/syllabus-list                    1.95 kB        98.9 kB
Γö£ Γùï /academics/topics                           1.94 kB        98.9 kB
Γö£ Γùï /academics/upload-content                   1.94 kB        98.9 kB
Γö£ Γùï /admin                                      212 B          88.4 kB
Γö£ Γùï /administration                             212 B          88.4 kB
Γö£ Γùï /administration/admin-setup                 212 B          88.4 kB
Γö£ Γùï /administration/admission-query             150 B           116 kB
Γö£ ╞Æ /administration/admission-query/[id]        6.23 kB         111 kB
Γö£ Γùï /administration/certificate                 211 B          88.4 kB
Γö£ Γùï /administration/communication-hub           16 kB           121 kB
Γö£ Γùï /administration/complaint                   212 B          88.4 kB
Γö£ Γùï /administration/documents                   23.7 kB         115 kB
Γö£ Γùï /administration/generate-certificate        213 B          88.4 kB
Γö£ Γùï /administration/generate-id-card            212 B          88.4 kB
Γö£ Γùï /administration/id-card                     211 B          88.4 kB
Γö£ Γùï /administration/phone-call-log              212 B          88.4 kB
Γö£ Γùï /administration/postal                      12.4 kB         104 kB
Γö£ Γùï /administration/postal-dispatch             212 B          88.4 kB
Γö£ Γùï /administration/postal-receive              212 B          88.4 kB
Γö£ Γùï /administration/system-config               7.06 kB         137 kB
Γö£ Γùï /administration/visitor-book                212 B          88.4 kB
Γö£ Γùï /admissions                                 212 B          88.4 kB
Γö£ Γùï /admissions/analytics                       110 kB          198 kB
Γö£ Γùï /admissions/command-center                  76.5 kB         174 kB
Γö£ Γùï /admissions/inquiries                       150 B           116 kB
Γö£ Γùï /admissions/marketing                       9.55 kB        97.8 kB
Γö£ ╞Æ /api/ai-subject-suggest                     0 B                0 B
Γö£ ╞Æ /api/auth/change-password                   0 B                0 B
Γö£ ╞Æ /api/login-permission/bulk-access           0 B                0 B
Γö£ ╞Æ /api/login-permission/bulk-reset            0 B                0 B
Γö£ ╞Æ /api/login-permission/meta                  0 B                0 B
Γö£ ╞Æ /api/login-permission/reset-password        0 B                0 B
Γö£ ╞Æ /api/login-permission/set-initial-password  0 B                0 B
Γö£ ╞Æ /api/login-permission/toggle                0 B                0 B
Γö£ ╞Æ /api/login-permission/users                 0 B                0 B
Γö£ ╞Æ /api/student-groups                         0 B                0 B
Γö£ ╞Æ /api/student-groups/[id]                    0 B                0 B
Γö£ ╞Æ /api/student-groups/assign                  0 B                0 B
Γö£ ╞Æ /api/student-groups/bulk-assign             0 B                0 B
Γö£ ╞Æ /api/student-groups/club-assign             0 B                0 B
Γö£ ╞Æ /api/student-groups/club-members            0 B                0 B
Γö£ ╞Æ /api/student-groups/club-remove             0 B                0 B
Γö£ ╞Æ /api/student-groups/club-toggle             0 B                0 B
Γö£ ╞Æ /api/student-groups/sortwell                0 B                0 B
Γö£ ╞Æ /api/student-groups/sortwell-preview        0 B                0 B
Γö£ ╞Æ /api/student-groups/stats                   0 B                0 B
Γö£ ╞Æ /api/student-groups/student-clubs           0 B                0 B
Γö£ ╞Æ /api/student-groups/students                0 B                0 B
Γö£ Γùï /attendance/student                         1.94 kB        98.9 kB
Γö£ Γùï /attendance/student/import                  6.36 kB         101 kB
Γö£ Γùï /attendance/subject                         7.33 kB          99 kB
Γö£ Γùï /attendance/subject-report                  5.64 kB        97.3 kB
Γö£ Γùï /behaviour/assign-incident                  5.85 kB        94.1 kB
Γö£ Γùï /behaviour/incidents                        177 B          93.6 kB
Γö£ Γùï /behaviour/reports/class-section-rank       176 B          93.6 kB
Γö£ Γùï /behaviour/reports/incident-wise            4.56 kB        92.8 kB
Γö£ Γùï /behaviour/reports/student-incident         178 B          93.6 kB
Γö£ Γùï /behaviour/reports/student-rank             6.56 kB        94.8 kB
Γö£ Γùï /behaviour/settings                         177 B          93.6 kB
Γö£ Γùï /change-password                            3.04 kB        91.3 kB
Γö£ Γùï /dashboard                                  4.89 kB         102 kB
Γö£ Γùï /exams/attendance                           1.95 kB        98.9 kB
Γö£ Γùï /exams/attendance-report                    1.95 kB        98.9 kB
Γö£ Γùï /exams/exam-plan/admit-card                 1.94 kB        98.9 kB
Γö£ Γùï /exams/exam-plan/seat-plan                  1.94 kB        98.9 kB
Γö£ Γùï /exams/exam-type                            1.94 kB        98.9 kB
Γö£ Γùï /exams/marks-register                       1.94 kB        98.9 kB
Γö£ Γùï /exams/marks-register-create                1.94 kB        98.9 kB
Γö£ Γùï /exams/merit-report                         1.94 kB        98.9 kB
Γö£ Γùï /exams/online-exam                          1.94 kB        98.9 kB
Γö£ Γùï /exams/result-publish                       1.95 kB        98.9 kB
Γö£ Γùï /exams/schedule                             1.94 kB        98.9 kB
Γö£ Γùï /exams/schedule-report                      1.94 kB        98.9 kB
Γö£ Γùï /exams/setup                                1.95 kB        98.9 kB
Γö£ Γùï /exams/student-report                       1.94 kB        98.9 kB
Γö£ Γùï /fees/carry-forward                         1.94 kB        98.9 kB
Γö£ Γùï /fees/due                                   1.94 kB        98.9 kB
Γö£ Γùï /fees/groups                                1.94 kB        98.9 kB
Γö£ Γùï /fees/master                                1.95 kB        98.9 kB
Γö£ Γùï /fees/payments                              1.94 kB        98.9 kB
Γö£ Γùï /fees/types                                 1.94 kB        98.9 kB
Γö£ Γùï /finance/bank-accounts                      177 B          94.5 kB
Γö£ Γùï /finance/chart-of-accounts                  178 B          94.5 kB
Γö£ Γùï /finance/fund-transfer                      177 B          94.5 kB
Γö£ Γùï /finance/ledger                             176 B          94.5 kB
Γö£ Γùï /home                                       24.8 kB         132 kB
Γö£ Γùï /hr/departments                             1.95 kB        98.9 kB
Γö£ Γùï /hr/designations                            1.95 kB        98.9 kB
Γö£ Γùï /hr/leave-defines                           1.95 kB        98.9 kB
Γö£ Γùï /hr/leave-requests                          1.95 kB        98.9 kB
Γö£ Γùï /hr/leave-types                             1.94 kB        98.9 kB
Γö£ Γùï /hr/payroll                                 1.95 kB        98.9 kB
Γö£ Γùï /hr/staff                                   1.95 kB        98.9 kB
Γö£ Γùï /hr/staff-attendance                        1.95 kB        98.9 kB
Γö£ Γùï /hr/staff-directory                         1.94 kB        98.9 kB
Γö£ Γùï /inventory                                  14.6 kB         106 kB
Γö£ Γùï /lesson                                     213 B          88.4 kB
Γö£ Γùï /lesson/lesson-planner                      212 B          88.4 kB
Γö£ Γùï /lesson/topic                               212 B          88.4 kB
Γö£ Γùï /library/books                              177 B          94.5 kB
Γö£ Γùï /library/categories                         176 B          94.5 kB
Γö£ Γùï /library/issues                             177 B          94.5 kB
Γö£ Γùï /library/members                            177 B          94.5 kB
Γö£ Γùï /login                                      2.33 kB        90.5 kB
Γö£ Γùï /reports                                    1.94 kB        98.9 kB
Γö£ ╞Æ /reports/[module]/[report]                  334 B          95.5 kB
Γö£ Γùï /reports/accounts                           317 B          95.5 kB
Γö£ Γùï /reports/accounts-ledger                    1.95 kB        98.9 kB
Γö£ Γùï /reports/exam                               314 B          95.5 kB
Γö£ Γùï /reports/exam-merit                         1.94 kB        98.9 kB
Γö£ Γùï /reports/exam-result                        1.94 kB        98.9 kB
Γö£ Γùï /reports/fees                               313 B          95.5 kB
Γö£ Γùï /reports/fees-collection                    1.94 kB        98.9 kB
Γö£ Γùï /reports/fees-due                           1.95 kB        98.9 kB
Γö£ Γùï /reports/inventory-stock                    1.94 kB        98.9 kB
Γö£ Γùï /reports/library-issue                      1.94 kB        98.9 kB
Γö£ Γùï /reports/staff                              313 B          95.5 kB
Γö£ Γùï /reports/staff-attendance                   1.94 kB        98.9 kB
Γö£ Γùï /reports/staff-list                         1.94 kB        98.9 kB
Γö£ Γùï /reports/student                            1.95 kB        98.9 kB
Γö£ Γùï /reports/student-attendance                 1.95 kB        98.9 kB
Γö£ Γùï /reports/student-list                       1.94 kB        98.9 kB
Γö£ Γùï /reports/transport                          1.94 kB        98.9 kB
Γö£ Γùï /roles                                      8.28 kB         109 kB
Γö£ Γùï /roles/assign-permission                    358 B           105 kB
Γö£ ╞Æ /roles/assign-permission/[id]               319 B           105 kB
Γö£ Γùï /roles/due-fees-login-permission            5.52 kB        93.7 kB
Γö£ Γùï /roles/login-permission                     13.8 kB         102 kB
Γö£ Γùï /setup                                      139 B            99 kB
Γö£ Γùï /setup/class-periods                        2.18 kB        93.8 kB
Γö£ Γùï /setup/schools                              6.37 kB          98 kB
Γö£ Γùï /student                                    213 B          88.4 kB
Γö£ Γùï /student-groups                             52.6 kB         165 kB
Γö£ Γùï /students                                   212 B          88.4 kB
Γö£ Γùï /students/add                               107 kB          207 kB
Γö£ ╞Æ /students/assign-class/[id]                 212 B          88.4 kB
Γö£ Γùï /students/category                          186 B           130 kB
Γö£ Γùï /students/delete-record                     7.32 kB         104 kB
Γö£ Γùï /students/disabled                          9.15 kB         110 kB
Γö£ Γùï /students/export                            4.53 kB        99.7 kB
Γö£ Γùï /students/group                             212 B          88.4 kB
Γö£ Γùï /students/list                              33.5 kB         134 kB
Γö£ Γùï /students/multi-class                       14.3 kB         103 kB
Γö£ Γùï /students/promote                           16.4 kB         105 kB
Γö£ Γùï /students/sms-sending-time                  212 B          88.4 kB
Γö£ Γùï /students/unassigned                        8.01 kB         108 kB
Γö£ Γùï /transport                                  2.43 kB        99.4 kB
Γö£ Γùï /transport/assign-vehicles                  4.21 kB        92.4 kB
Γö£ Γùï /transport/bus-tracking                     14 kB           111 kB
Γö£ Γùï /transport/routes                           7.62 kB        99.3 kB
Γö£ Γùï /transport/student-report                   3.92 kB        92.1 kB
Γö£ Γùï /transport/tracking                         2.47 kB        90.7 kB
Γö£ Γùï /transport/tracking/buses                   1.34 kB        98.3 kB
Γö£ Γùï /transport/tracking/route-builder           3.17 kB        91.4 kB
Γö£ Γùï /transport/vehicles                         4.58 kB        92.8 kB
Γö£ Γùï /utilities/blocked-users                    393 B          88.6 kB
Γö£ Γùï /utilities/chat                             12.6 kB         122 kB
Γö£ Γùï /utilities/communication                    7.97 kB         117 kB
Γöö Γùï /utilities/invitation                       392 B          88.6 kB
+ First Load JS shared by all                   88.2 kB
  Γö£ chunks/2117-30755c707d2aadf8.js             31.9 kB
  Γö£ chunks/fd9d1056-8ff18c75d8af22c3.js         53.6 kB
  Γöö other shared chunks (total)                 2.68 kB


Γùï  (Static)   prerendered as static content
╞Æ  (Dynamic)  server-rendered on demand

